// Jest Snapshot v1, https://goo.gl/fbAQLP

exports[`Features Genres Component should render the correct genre 1`] = `
<body>
  <div>
    <button
      class="sc-gsTCUz dOAjnQ"
    >
      Action
    </button>
  </div>
</body>
`;
