// Jest Snapshot v1, https://goo.gl/fbAQLP

exports[`Components App should render without crashing 1`] = `
<body>
  <div>
    <div>
      <div />
    </div>
  </div>
</body>
`;
